mode: atomic
github.com/shubh-man007/TinyProto/internal/response/response.go:36.37,38.2 1 3
github.com/shubh-man007/TinyProto/internal/response/response.go:40.78,42.20 2 2
github.com/shubh-man007/TinyProto/internal/response/response.go:43.16,44.25 1 1
github.com/shubh-man007/TinyProto/internal/response/response.go:45.24,46.34 1 0
github.com/shubh-man007/TinyProto/internal/response/response.go:47.33,48.44 1 0
github.com/shubh-man007/TinyProto/internal/response/response.go:49.10,50.62 1 1
github.com/shubh-man007/TinyProto/internal/response/response.go:53.2,54.16 2 1
github.com/shubh-man007/TinyProto/internal/response/response.go:54.16,56.3 1 0
github.com/shubh-man007/TinyProto/internal/response/response.go:57.2,57.24 1 1
github.com/shubh-man007/TinyProto/internal/response/response.go:60.57,66.2 5 3
github.com/shubh-man007/TinyProto/internal/response/response.go:68.61,69.35 1 1
github.com/shubh-man007/TinyProto/internal/response/response.go:69.35,72.17 3 3
github.com/shubh-man007/TinyProto/internal/response/response.go:72.17,74.4 1 0
github.com/shubh-man007/TinyProto/internal/response/response.go:76.2,77.16 2 1
github.com/shubh-man007/TinyProto/internal/response/response.go:77.16,79.3 1 0
github.com/shubh-man007/TinyProto/internal/response/response.go:80.2,80.12 1 1
github.com/shubh-man007/TinyProto/internal/response/response.go:83.63,84.34 1 2
github.com/shubh-man007/TinyProto/internal/response/response.go:84.34,86.3 1 0
github.com/shubh-man007/TinyProto/internal/response/response.go:88.2,89.20 2 2
github.com/shubh-man007/TinyProto/internal/response/response.go:90.16,91.25 1 2
github.com/shubh-man007/TinyProto/internal/response/response.go:92.24,93.34 1 0
github.com/shubh-man007/TinyProto/internal/response/response.go:94.33,95.44 1 0
github.com/shubh-man007/TinyProto/internal/response/response.go:96.10,97.47 1 0
github.com/shubh-man007/TinyProto/internal/response/response.go:100.2,101.16 2 2
github.com/shubh-man007/TinyProto/internal/response/response.go:101.16,103.3 1 0
github.com/shubh-man007/TinyProto/internal/response/response.go:105.2,107.12 2 2
github.com/shubh-man007/TinyProto/internal/response/response.go:110.63,111.36 1 2
github.com/shubh-man007/TinyProto/internal/response/response.go:111.36,113.3 1 0
github.com/shubh-man007/TinyProto/internal/response/response.go:115.2,115.41 1 2
github.com/shubh-man007/TinyProto/internal/response/response.go:115.41,118.17 3 6
github.com/shubh-man007/TinyProto/internal/response/response.go:118.17,120.4 1 0
github.com/shubh-man007/TinyProto/internal/response/response.go:123.2,124.16 2 2
github.com/shubh-man007/TinyProto/internal/response/response.go:124.16,126.3 1 0
github.com/shubh-man007/TinyProto/internal/response/response.go:128.2,130.12 2 2
github.com/shubh-man007/TinyProto/internal/response/response.go:133.51,134.66 1 3
github.com/shubh-man007/TinyProto/internal/response/response.go:134.66,136.3 1 1
github.com/shubh-man007/TinyProto/internal/response/response.go:138.2,139.16 2 2
github.com/shubh-man007/TinyProto/internal/response/response.go:139.16,141.3 1 0
github.com/shubh-man007/TinyProto/internal/response/response.go:143.2,144.15 2 2
github.com/shubh-man007/TinyProto/internal/response/response.go:147.64,148.34 1 2
github.com/shubh-man007/TinyProto/internal/response/response.go:148.34,150.3 1 1
github.com/shubh-man007/TinyProto/internal/response/response.go:152.2,155.31 3 1
github.com/shubh-man007/TinyProto/internal/response/response.go:155.31,159.17 4 1
github.com/shubh-man007/TinyProto/internal/response/response.go:159.17,161.4 1 0
github.com/shubh-man007/TinyProto/internal/response/response.go:164.2,165.16 2 1
github.com/shubh-man007/TinyProto/internal/response/response.go:165.16,167.3 1 0
github.com/shubh-man007/TinyProto/internal/response/response.go:169.2,169.12 1 1
github.com/shubh-man007/TinyProto/internal/response/response.go:172.93,173.34 1 1
github.com/shubh-man007/TinyProto/internal/response/response.go:173.34,175.3 1 0
github.com/shubh-man007/TinyProto/internal/response/response.go:177.2,179.20 3 1
github.com/shubh-man007/TinyProto/internal/response/response.go:180.16,181.25 1 1
github.com/shubh-man007/TinyProto/internal/response/response.go:182.24,183.34 1 0
github.com/shubh-man007/TinyProto/internal/response/response.go:184.33,185.44 1 0
github.com/shubh-man007/TinyProto/internal/response/response.go:186.10,187.55 1 0
github.com/shubh-man007/TinyProto/internal/response/response.go:190.2,193.35 3 1
github.com/shubh-man007/TinyProto/internal/response/response.go:193.35,196.3 2 3
github.com/shubh-man007/TinyProto/internal/response/response.go:198.2,201.12 3 1
github.com/shubh-man007/TinyProto/internal/headers/headers.go:19.28,23.2 1 8
github.com/shubh-man007/TinyProto/internal/headers/headers.go:25.43,27.2 1 7
github.com/shubh-man007/TinyProto/internal/headers/headers.go:29.43,31.9 2 9
github.com/shubh-man007/TinyProto/internal/headers/headers.go:31.9,33.3 1 7
github.com/shubh-man007/TinyProto/internal/headers/headers.go:33.8,35.3 1 2
github.com/shubh-man007/TinyProto/internal/headers/headers.go:38.47,40.2 1 0
github.com/shubh-man007/TinyProto/internal/headers/headers.go:42.39,44.2 1 0
github.com/shubh-man007/TinyProto/internal/headers/headers.go:45.44,47.2 1 0
github.com/shubh-man007/TinyProto/internal/headers/headers.go:49.57,52.20 2 8
github.com/shubh-man007/TinyProto/internal/headers/headers.go:52.20,54.20 2 15
github.com/shubh-man007/TinyProto/internal/headers/headers.go:54.20,56.4 1 0
github.com/shubh-man007/TinyProto/internal/headers/headers.go:58.3,58.19 1 15
github.com/shubh-man007/TinyProto/internal/headers/headers.go:58.19,60.4 1 5
github.com/shubh-man007/TinyProto/internal/headers/headers.go:62.3,64.66 3 10
github.com/shubh-man007/TinyProto/internal/headers/headers.go:64.66,66.4 1 1
github.com/shubh-man007/TinyProto/internal/headers/headers.go:68.3,71.46 3 9
github.com/shubh-man007/TinyProto/internal/headers/headers.go:71.46,73.4 1 1
github.com/shubh-man007/TinyProto/internal/headers/headers.go:75.3,79.25 4 8
github.com/shubh-man007/TinyProto/internal/headers/headers.go:82.2,82.34 1 1
github.com/shubh-man007/TinyProto/internal/request/request.go:35.29,36.22 1 12
github.com/shubh-man007/TinyProto/internal/request/request.go:36.22,37.49 1 39
github.com/shubh-man007/TinyProto/internal/request/request.go:37.49,39.4 1 0
github.com/shubh-man007/TinyProto/internal/request/request.go:41.2,41.13 1 12
github.com/shubh-man007/TinyProto/internal/request/request.go:44.65,46.15 2 97
github.com/shubh-man007/TinyProto/internal/request/request.go:46.15,48.3 1 85
github.com/shubh-man007/TinyProto/internal/request/request.go:50.2,53.24 3 12
github.com/shubh-man007/TinyProto/internal/request/request.go:53.24,55.28 1 12
github.com/shubh-man007/TinyProto/internal/request/request.go:55.28,57.4 1 0
github.com/shubh-man007/TinyProto/internal/request/request.go:60.3,60.47 1 12
github.com/shubh-man007/TinyProto/internal/request/request.go:60.47,62.4 1 0
github.com/shubh-man007/TinyProto/internal/request/request.go:64.3,65.23 2 12
github.com/shubh-man007/TinyProto/internal/request/request.go:65.23,67.4 1 0
github.com/shubh-man007/TinyProto/internal/request/request.go:69.3,75.29 5 12
github.com/shubh-man007/TinyProto/internal/request/request.go:78.2,78.96 1 0
github.com/shubh-man007/TinyProto/internal/request/request.go:81.51,82.17 1 361
github.com/shubh-man007/TinyProto/internal/request/request.go:83.24,85.17 2 97
github.com/shubh-man007/TinyProto/internal/request/request.go:85.17,87.4 1 0
github.com/shubh-man007/TinyProto/internal/request/request.go:89.3,89.13 1 97
github.com/shubh-man007/TinyProto/internal/request/request.go:89.13,91.4 1 85
github.com/shubh-man007/TinyProto/internal/request/request.go:93.3,96.23 4 12
github.com/shubh-man007/TinyProto/internal/request/request.go:98.34,100.17 2 246
github.com/shubh-man007/TinyProto/internal/request/request.go:100.17,102.4 1 1
github.com/shubh-man007/TinyProto/internal/request/request.go:104.3,104.11 1 245
github.com/shubh-man007/TinyProto/internal/request/request.go:104.11,106.4 1 10
github.com/shubh-man007/TinyProto/internal/request/request.go:108.3,108.16 1 245
github.com/shubh-man007/TinyProto/internal/request/request.go:110.31,112.18 2 18
github.com/shubh-man007/TinyProto/internal/request/request.go:112.18,115.4 2 8
github.com/shubh-man007/TinyProto/internal/request/request.go:117.3,120.17 3 10
github.com/shubh-man007/TinyProto/internal/request/request.go:120.17,122.4 1 0
github.com/shubh-man007/TinyProto/internal/request/request.go:124.3,124.26 1 10
github.com/shubh-man007/TinyProto/internal/request/request.go:124.26,126.4 1 0
github.com/shubh-man007/TinyProto/internal/request/request.go:132.3,132.27 1 10
github.com/shubh-man007/TinyProto/internal/request/request.go:132.27,134.4 1 2
github.com/shubh-man007/TinyProto/internal/request/request.go:135.3,135.24 1 10
github.com/shubh-man007/TinyProto/internal/request/request.go:137.17,138.69 1 0
github.com/shubh-man007/TinyProto/internal/request/request.go:140.10,141.47 1 0
github.com/shubh-man007/TinyProto/internal/request/request.go:145.60,155.29 5 12
github.com/shubh-man007/TinyProto/internal/request/request.go:155.29,157.55 1 372
github.com/shubh-man007/TinyProto/internal/request/request.go:157.55,159.18 2 360
github.com/shubh-man007/TinyProto/internal/request/request.go:159.18,161.5 1 1
github.com/shubh-man007/TinyProto/internal/request/request.go:162.4,162.20 1 359
github.com/shubh-man007/TinyProto/internal/request/request.go:162.20,166.13 3 47
github.com/shubh-man007/TinyProto/internal/request/request.go:168.4,168.30 1 312
github.com/shubh-man007/TinyProto/internal/request/request.go:168.30,169.10 1 9
github.com/shubh-man007/TinyProto/internal/request/request.go:173.3,173.31 1 315
github.com/shubh-man007/TinyProto/internal/request/request.go:173.31,177.4 3 23
github.com/shubh-man007/TinyProto/internal/request/request.go:179.3,180.17 2 315
github.com/shubh-man007/TinyProto/internal/request/request.go:180.17,181.21 1 1
github.com/shubh-man007/TinyProto/internal/request/request.go:181.21,183.57 1 1
github.com/shubh-man007/TinyProto/internal/request/request.go:183.57,184.63 1 1
github.com/shubh-man007/TinyProto/internal/request/request.go:184.63,186.7 1 0
github.com/shubh-man007/TinyProto/internal/request/request.go:188.5,188.10 1 1
github.com/shubh-man007/TinyProto/internal/request/request.go:190.4,190.19 1 0
github.com/shubh-man007/TinyProto/internal/request/request.go:193.3,193.19 1 314
github.com/shubh-man007/TinyProto/internal/request/request.go:195.2,195.17 1 11
github.com/shubh-man007/TinyProto/internal/server/server.go:30.26,32.2 1 1
github.com/shubh-man007/TinyProto/internal/server/server.go:34.38,36.2 1 0
github.com/shubh-man007/TinyProto/internal/server/server.go:40.65,45.16 4 1
github.com/shubh-man007/TinyProto/internal/server/server.go:45.16,47.3 1 0
github.com/shubh-man007/TinyProto/internal/server/server.go:49.2,51.16 3 1
github.com/shubh-man007/TinyProto/internal/server/server.go:51.16,53.3 1 0
github.com/shubh-man007/TinyProto/internal/server/server.go:55.2,56.16 2 1
github.com/shubh-man007/TinyProto/internal/server/server.go:56.16,58.3 1 0
github.com/shubh-man007/TinyProto/internal/server/server.go:60.2,60.12 1 1
github.com/shubh-man007/TinyProto/internal/server/server.go:63.32,65.16 2 1
github.com/shubh-man007/TinyProto/internal/server/server.go:65.16,68.3 2 0
github.com/shubh-man007/TinyProto/internal/server/server.go:69.2,70.12 2 1
github.com/shubh-man007/TinyProto/internal/server/server.go:73.40,76.16 3 1
github.com/shubh-man007/TinyProto/internal/server/server.go:76.16,83.3 3 0
github.com/shubh-man007/TinyProto/internal/server/server.go:85.2,86.19 2 1
github.com/shubh-man007/TinyProto/internal/server/server.go:89.27,90.23 1 1
github.com/shubh-man007/TinyProto/internal/server/server.go:90.23,92.17 2 2
github.com/shubh-man007/TinyProto/internal/server/server.go:92.17,93.23 1 1
github.com/shubh-man007/TinyProto/internal/server/server.go:93.23,95.5 1 0
github.com/shubh-man007/TinyProto/internal/server/server.go:96.4,97.12 2 1
github.com/shubh-man007/TinyProto/internal/server/server.go:99.3,100.20 2 1
github.com/shubh-man007/TinyProto/internal/server/server.go:104.50,106.16 2 1
github.com/shubh-man007/TinyProto/internal/server/server.go:106.16,108.3 1 0
github.com/shubh-man007/TinyProto/internal/server/server.go:110.2,118.15 7 1
